# Check configuration tokens
# In section [app]: android.bootstrap is deprecated, rename to p4a.bootstrap!
# `android.archs` not detected, instead `android.arch` is present.
# `android.arch` will be removed and ignored in future.
# If you're seeing this error, please migrate to `android.archs`.
# Ensure build layout
# Check configuration tokens
# Preparing build
# Check requirements for android
# Search for Git (git)
#  -> found at /usr/bin/git
# Search for Cython (cython)
#  -> found at /home/jcsouza2000/.local/bin/cython
# Search for Java compiler (javac)
#  -> found at /usr/lib/jvm/java-17-openjdk-amd64/bin/javac
# Search for Java keytool (keytool)
#  -> found at /usr/lib/jvm/java-17-openjdk-amd64/bin/keytool
# Install platform
# Run ['git', 'config', '--get', 'remote.origin.url']
# Cwd /mnt/c/Souza/Python/Gematria/.buildozer/android/platform/python-for-android
https://github.com/kivy/python-for-android.git
# Run ['git', 'branch', '-vv']
# Cwd /mnt/c/Souza/Python/Gematria/.buildozer/android/platform/python-for-android
* master 957a3e5f [origin/master] Merge pull request #2959 from kivy/release-2024.01.21
# Run ['/usr/bin/python3.11', '-m', 'pip', 'install', '-q', '--user', 'appdirs', 'colorama>=0.3.3', 'jinja2', 'sh>=1.10, <2.0; sys_platform!="win32"', 'build', 'toml', 'packaging', 'setuptools']
# Cwd None
# Apache ANT found at /home/jcsouza2000/.buildozer/android/platform/apache-ant-1.9.4
# Android SDK found at /home/jcsouza2000/.buildozer/android/platform/android-sdk
# Recommended android's NDK version by p4a is: 25b
# Android NDK found at /home/jcsouza2000/.buildozer/android/platform/android-ndk-r25c
# Run ['/usr/bin/python3.11', '-m', 'pythonforandroid.toolchain', 'aab', '-h', '--color=always', '--storage-dir=/mnt/c/Souza/Python/Gematria/.buildozer/android/platform/build-arm64-v8a', '--ndk-api=21', '--port=8000', '--ignore-setup-py', '--debug']
# Cwd /mnt/c/Souza/Python/Gematria/.buildozer/android/platform/python-for-android
[WARNING]: prerequisites.py is experimental and does not support all prerequisites yet.
[WARNING]: Please report any issues to the python-for-android issue tracker.
[WARNING]: prerequisites.py is experimental and does not support all prerequisites yet.
[WARNING]: Please report any issues to the python-for-android issue tracker.
usage: toolchain.py aab [-h] [--debug] [--color {always,never,auto}]
                        [--sdk-dir SDK_DIR] [--ndk-dir NDK_DIR]
                        [--android-api ANDROID_API]
                        [--ndk-version NDK_VERSION] [--ndk-api NDK_API]
                        [--symlink-bootstrap-files]
                        [--storage-dir STORAGE_DIR] [--arch ARCH]
                        [--dist-name DIST_NAME] [--requirements REQUIREMENTS]
                        [--recipe-blacklist RECIPE_BLACKLIST]
                        [--blacklist-requirements BLACKLIST_REQUIREMENTS]
                        [--bootstrap BOOTSTRAP] [--hook HOOK] [--force-build]
                        [--no-force-build] [--require-perfect-match]
                        [--no-require-perfect-match] [--allow-replace-dist]
                        [--no-allow-replace-dist]
                        [--local-recipes LOCAL_RECIPES]
                        [--activity-class-name ACTIVITY_CLASS_NAME]
                        [--service-class-name SERVICE_CLASS_NAME]
                        [--java-build-tool {auto,ant,gradle}] [--copy-libs]
                        [--no-copy-libs] [--add-asset ASSETS]
                        [--add-resource RESOURCES] [--private PRIVATE]
                        [--use-setup-py] [--ignore-setup-py] [--release]
                        [--with-debug-symbols] [--keystore KEYSTORE]
                        [--signkey SIGNKEY] [--keystorepw KEYSTOREPW]
                        [--signkeypw SIGNKEYPW]

options:
  -h, --help            show this help message and exit
  --debug               Display debug output and all build info
  --color {always,never,auto}
                        Enable or disable color output (default enabled on
                        tty)
  --sdk-dir SDK_DIR, --sdk_dir SDK_DIR
                        The filepath where the Android SDK is installed
  --ndk-dir NDK_DIR, --ndk_dir NDK_DIR
                        The filepath where the Android NDK is installed
  --android-api ANDROID_API, --android_api ANDROID_API
                        The Android API level to build against defaults to 33
                        if not specified.
  --ndk-version NDK_VERSION, --ndk_version NDK_VERSION
                        DEPRECATED: the NDK version is now found automatically
                        or not at all.
  --ndk-api NDK_API     The Android API level to compile against. This should
                        be your *minimal supported* API, not normally the same
                        as your --android-api. Defaults to min(ANDROID_API,
                        21) if not specified.
  --symlink-bootstrap-files, --ssymlink_bootstrap_files
                        If True, symlinks the bootstrap files creation. This
                        is useful for development only, it could also cause
                        weird problems.
  --storage-dir STORAGE_DIR
                        Primary storage directory for downloads and builds
                        (default: /home/jcsouza2000/.local/share/python-for-
                        android)
  --arch ARCH           The archs to build for.
  --dist-name DIST_NAME, --dist_name DIST_NAME
                        The name of the distribution to use or create
  --requirements REQUIREMENTS
                        Dependencies of your app, should be recipe names or
                        Python modules. NOT NECESSARY if you are using Python
                        3 with --use-setup-py
  --recipe-blacklist RECIPE_BLACKLIST
                        Blacklist an internal recipe from use. Allows
                        disabling Python 3 core modules to save size
  --blacklist-requirements BLACKLIST_REQUIREMENTS
                        Blacklist an internal recipe from use. Allows
                        disabling Python 3 core modules to save size
  --bootstrap BOOTSTRAP
                        The bootstrap to build with. Leave unset to choose
                        automatically.
  --hook HOOK           Filename to a module that contains python-for-android
                        hooks
  --local-recipes LOCAL_RECIPES, --local_recipes LOCAL_RECIPES
                        Directory to look for local recipes
  --activity-class-name ACTIVITY_CLASS_NAME
                        The full java class name of the main activity
  --service-class-name SERVICE_CLASS_NAME
                        Full java package name of the PythonService class
  --java-build-tool {auto,ant,gradle}
                        The java build tool to use when packaging the APK,
                        defaults to automatically selecting an appropriate
                        tool.
  --add-asset ASSETS    Put this in the assets folder in the apk.
  --add-resource RESOURCES
                        Put this in the res folder in the apk.
  --private PRIVATE     the directory with the app source code files
                        (containing your main.py entrypoint)
  --use-setup-py        Process the setup.py of a project if present.
                        (Experimental!
  --ignore-setup-py     Don't run the setup.py of a project if present. This
                        may be required if the setup.py is not designed to
                        work inside p4a (e.g. by installing dependencies that
                        won't work or aren't desired on Android
  --release             Build your app as a non-debug release build. (Disables
                        gdb debugging among other things)
  --with-debug-symbols  Will keep debug symbols from `.so` files.
  --keystore KEYSTORE   Keystore for JAR signing key, will use jarsigner
                        default if not specified (release build only)
  --signkey SIGNKEY     Key alias to sign PARSER_APK. with (release build
                        only)
  --keystorepw KEYSTOREPW
                        Password for keystore
  --signkeypw SIGNKEYPW
                        Password for key alias

  Whether to force compilation of a new distribution

  --force-build
  --no-force-build      (this is the default)
  --require-perfect-match
  --no-require-perfect-match
                        (this is the default)
  --allow-replace-dist  (this is the default)
  --no-allow-replace-dist
  --copy-libs
  --no-copy-libs        (this is the default)
# Check application requirements
# Compile platform
# Run ['/usr/bin/python3.11', '-m', 'pythonforandroid.toolchain', 'create', '--dist_name=gematria', '--bootstrap=sdl2', '--requirements=python3,kivy==2.3.1,kivymd==1.2.0,plyer,pillow,sqlite3', '--arch=arm64-v8a', '--copy-libs', '--color=always', '--storage-dir=/mnt/c/Souza/Python/Gematria/.buildozer/android/platform/build-arm64-v8a', '--ndk-api=21', '--port=8000', '--ignore-setup-py', '--debug']
# Cwd /mnt/c/Souza/Python/Gematria/.buildozer/android/platform/python-for-android
[WARNING]: prerequisites.py is experimental and does not support all prerequisites yet.
[WARNING]: Please report any issues to the python-for-android issue tracker.
[WARNING]: prerequisites.py is experimental and does not support all prerequisites yet.
[WARNING]: Please report any issues to the python-for-android issue tracker.
[1m[INFO][0m:    Recipe kivy: version "2.3.1" requested
[1m[INFO][0m:    Recipe kivymd: version "1.2.0" requested
[1m[INFO][0m:    Will compile for the following archs: arm64-v8a
[1m[INFO][0m:    Found Android API target in $ANDROIDAPI: 29
[1m[31m[WARNING][39m[0m: Target API 29 < 30
[1m[31m[WARNING][39m[0m: Target APIs lower than 30 are no longer supported on Google Play, and are not recommended. Note that the Target API can be higher than your device Android version, and should usually be as high as possible.
[1m[INFO][0m:    Available Android APIs are (29)
[1m[INFO][0m:    Requested API target 29 is available, continuing.
[1m[INFO][0m:    Found NDK dir in $ANDROIDNDK: /home/jcsouza2000/.buildozer/android/platform/android-ndk-r25c
[1m[INFO][0m:    Found NDK version 25c
[1m[INFO][0m:    Getting NDK API version (i.e. minimum supported API) from user argument
[1m[INFO][0m:    ccache is missing, the build will not be optimized in the future.
[1m[90m[DEBUG][39m[0m:   All possible dists: [<Distribution: name gematria with recipes (freetype, hostpython3, jpeg, libffi, openssl, png, sdl2_image, sdl2_mixer, sdl2_ttf, sqlite3, python3, sdl2, setuptools, pillow, six, pyjnius, android, kivy, chardet, idna, kivymd, plyer, urllib3, certifi, requests)>]
[1m[90m[DEBUG][39m[0m:   Dist matching name and arch: [<Distribution: name gematria with recipes (freetype, hostpython3, jpeg, libffi, openssl, png, sdl2_image, sdl2_mixer, sdl2_ttf, sqlite3, python3, sdl2, setuptools, pillow, six, pyjnius, android, kivy, chardet, idna, kivymd, plyer, urllib3, certifi, requests)>]
[1m[90m[DEBUG][39m[0m:   Dist matching ndk_api and recipe: [<Distribution: name gematria with recipes (freetype, hostpython3, jpeg, libffi, openssl, png, sdl2_image, sdl2_mixer, sdl2_ttf, sqlite3, python3, sdl2, setuptools, pillow, six, pyjnius, android, kivy, chardet, idna, kivymd, plyer, urllib3, certifi, requests)>]
[1m[INFO][0m:    Of the existing distributions, the following meet the given requirements:
[1m[INFO][0m:    	[32m[1mgematria[0m: min API 21, includes recipes ([32mfreetype, hostpython3, jpeg, libffi, openssl, png, sdl2_image, sdl2_mixer, sdl2_ttf, sqlite3, python3, sdl2, setuptools, pillow, six, pyjnius, android, kivy, chardet, idna, kivymd, plyer, urllib3, certifi, requests[0m), built for archs ([34marm64-v8a[0m)
[1m[INFO][0m:    [1m[94mgematria has compatible recipes, using this one[0m
# Build the application #5
# Copy application source from /mnt/c/Souza/Python/Gematria
# Create directory /mnt/c/Souza/Python/Gematria/.buildozer/android/app
# Copy /mnt/c/Souza/Python/Gematria/criar_icone.py
# Copy /mnt/c/Souza/Python/Gematria/exportar_csv.py
# Copy /mnt/c/Souza/Python/Gematria/gematria.py
# Copy /mnt/c/Souza/Python/Gematria/icon.png
# Copy /mnt/c/Souza/Python/Gematria/importar_csv.py
# Copy /mnt/c/Souza/Python/Gematria/limpar_banco.py
# Copy /mnt/c/Souza/Python/Gematria/listar_registros.py
# Create directory /mnt/c/Souza/Python/Gematria/.buildozer/android/app/gematria_app
# Copy /mnt/c/Souza/Python/Gematria/gematria_app/database_manager.py
# Copy /mnt/c/Souza/Python/Gematria/gematria_app/gematria.kv
# Copy /mnt/c/Souza/Python/Gematria/gematria_app/gematria_functions.py
# Copy /mnt/c/Souza/Python/Gematria/gematria_app/main.py
# Package the application
# project.properties updated
# Run ['/usr/bin/python3.11', '-m', 'pythonforandroid.toolchain', 'apk', '--bootstrap', 'sdl2', '--dist_name', 'gematria', '--name', 'Gematria', '--version', '1.0', '--package', 'org.gematria.gematria', '--minsdk', '21', '--ndk-api', '21', '--private', '/mnt/c/Souza/Python/Gematria/.buildozer/android/app', '--permission', 'WRITE_EXTERNAL_STORAGE', '--permission', 'READ_EXTERNAL_STORAGE', '--android-entrypoint', 'org.kivy.android.PythonActivity', '--android-apptheme', '@android:style/Theme.NoTitleBar', '--presplash-lottie', '/mnt/c/Souza/Python/Gematria/./gematria_app/presplash.json', '--icon', '/mnt/c/Souza/Python/Gematria/./icon.png', '--orientation', 'portrait', '--enable-androidx', '--presplash-color', '#FAFAFA', '--copy-libs', '--add-source', '/mnt/c/Souza/Python/Gematria/True', '--arch', 'arm64-v8a', '--color=always', '--storage-dir=/mnt/c/Souza/Python/Gematria/.buildozer/android/platform/build-arm64-v8a', '--ndk-api=21', '--port=8000', '--ignore-setup-py', '--debug']
# Cwd /mnt/c/Souza/Python/Gematria/.buildozer/android/platform/python-for-android
[WARNING]: prerequisites.py is experimental and does not support all prerequisites yet.
[WARNING]: Please report any issues to the python-for-android issue tracker.
[WARNING]: prerequisites.py is experimental and does not support all prerequisites yet.
[WARNING]: Please report any issues to the python-for-android issue tracker.
[1m[INFO][0m:    Will compile for the following archs: arm64-v8a
[1m[INFO][0m:    Found Android API target in $ANDROIDAPI: 29
[1m[31m[WARNING][39m[0m: Target API 29 < 30
[1m[31m[WARNING][39m[0m: Target APIs lower than 30 are no longer supported on Google Play, and are not recommended. Note that the Target API can be higher than your device Android version, and should usually be as high as possible.
[1m[INFO][0m:    Available Android APIs are (29)
[1m[INFO][0m:    Requested API target 29 is available, continuing.
[1m[INFO][0m:    Found NDK dir in $ANDROIDNDK: /home/jcsouza2000/.buildozer/android/platform/android-ndk-r25c
[1m[INFO][0m:    Found NDK version 25c
[1m[INFO][0m:    Getting NDK API version (i.e. minimum supported API) from user argument
[1m[INFO][0m:    ccache is missing, the build will not be optimized in the future.
[1m[90m[DEBUG][39m[0m:   All possible dists: [<Distribution: name gematria with recipes (freetype, hostpython3, jpeg, libffi, openssl, png, sdl2_image, sdl2_mixer, sdl2_ttf, sqlite3, python3, sdl2, setuptools, pillow, six, pyjnius, android, kivy, chardet, idna, kivymd, plyer, urllib3, certifi, requests)>]
[1m[90m[DEBUG][39m[0m:   Dist matching name and arch: [<Distribution: name gematria with recipes (freetype, hostpython3, jpeg, libffi, openssl, png, sdl2_image, sdl2_mixer, sdl2_ttf, sqlite3, python3, sdl2, setuptools, pillow, six, pyjnius, android, kivy, chardet, idna, kivymd, plyer, urllib3, certifi, requests)>]
[1m[90m[DEBUG][39m[0m:   Dist matching ndk_api and recipe: [<Distribution: name gematria with recipes (freetype, hostpython3, jpeg, libffi, openssl, png, sdl2_image, sdl2_mixer, sdl2_ttf, sqlite3, python3, sdl2, setuptools, pillow, six, pyjnius, android, kivy, chardet, idna, kivymd, plyer, urllib3, certifi, requests)>]
[1m[INFO][0m:    Of the existing distributions, the following meet the given requirements:
[1m[INFO][0m:    	[32m[1mgematria[0m: min API 21, includes recipes ([32mfreetype, hostpython3, jpeg, libffi, openssl, png, sdl2_image, sdl2_mixer, sdl2_ttf, sqlite3, python3, sdl2, setuptools, pillow, six, pyjnius, android, kivy, chardet, idna, kivymd, plyer, urllib3, certifi, requests[0m), built for archs ([34marm64-v8a[0m)
[1m[INFO][0m:    [1m[94mgematria has compatible recipes, using this one[0m
[1m[90m[DEBUG][39m[0m:   All possible dists: [<Distribution: name gematria with recipes (freetype, hostpython3, jpeg, libffi, openssl, png, sdl2_image, sdl2_mixer, sdl2_ttf, sqlite3, python3, sdl2, setuptools, pillow, six, pyjnius, android, kivy, chardet, idna, kivymd, plyer, urllib3, certifi, requests)>]
[1m[90m[DEBUG][39m[0m:   Dist matching name and arch: [<Distribution: name gematria with recipes (freetype, hostpython3, jpeg, libffi, openssl, png, sdl2_image, sdl2_mixer, sdl2_ttf, sqlite3, python3, sdl2, setuptools, pillow, six, pyjnius, android, kivy, chardet, idna, kivymd, plyer, urllib3, certifi, requests)>]
[1m[90m[DEBUG][39m[0m:   Dist matching ndk_api and recipe: [<Distribution: name gematria with recipes (freetype, hostpython3, jpeg, libffi, openssl, png, sdl2_image, sdl2_mixer, sdl2_ttf, sqlite3, python3, sdl2, setuptools, pillow, six, pyjnius, android, kivy, chardet, idna, kivymd, plyer, urllib3, certifi, requests)>]
[1m[INFO][0m:    Of the existing distributions, the following meet the given requirements:
[1m[INFO][0m:    	[32m[1mgematria[0m: min API 21, includes recipes ([32mfreetype, hostpython3, jpeg, libffi, openssl, png, sdl2_image, sdl2_mixer, sdl2_ttf, sqlite3, python3, sdl2, setuptools, pillow, six, pyjnius, android, kivy, chardet, idna, kivymd, plyer, urllib3, certifi, requests[0m), built for archs ([34marm64-v8a[0m)
[1m[INFO][0m:    [1m[94mgematria has compatible recipes, using this one[0m
[1m[INFO][0m:    [36m-> directory context /mnt/c/Souza/Python/Gematria/.buildozer/android/platform/build-arm64-v8a/build/bootstrap_builds/sdl2[39m
[1m[INFO][0m:    [36m<- directory context /mnt/c/Souza/Python/Gematria/.buildozer/android/platform/python-for-android[39m
[1m[INFO][0m:    [36m-> directory context /mnt/c/Souza/Python/Gematria/.buildozer/android/platform/build-arm64-v8a/dists/gematria[39m
usage: toolchain.py [-h] [--private PRIVATE] --package PACKAGE --name NAME
                    [--numeric-version NUMERIC_VERSION] --version VERSION
                    [--launcher] [--home-app]
                    [--permission PERMISSIONS [PERMISSIONS ...]]
                    [--meta-data META_DATA] [--uses-library ANDROID_USED_LIBS]
                    [--asset /path/to/source:dest]
                    [--resource /path/to/source:kind/asset] [--icon ICON]
                    [--icon-fg ICON_FG] [--icon-bg ICON_BG]
                    [--service SERVICES] [--native-service NATIVE_SERVICES]
                    [--presplash PRESPLASH]
                    [--presplash-lottie PRESPLASH_LOTTIE]
                    [--presplash-color PRESPLASH_COLOR] [--window]
                    [--manifest-orientation MANIFEST_ORIENTATION]
                    [--orientation {portrait,landscape,landscape-reverse,portrait-reverse}]
                    [--enable-androidx]
                    [--android-entrypoint ANDROID_ENTRYPOINT]
                    [--android-apptheme ANDROID_APPTHEME]
                    [--add-compile-option COMPILE_OPTIONS]
                    [--add-gradle-repository GRADLE_REPOSITORIES]
                    [--add-packaging-option PACKAGING_OPTIONS] [--wakelock]
                    [--blacklist BLACKLIST] [--whitelist WHITELIST]
                    [--release] [--with-debug-symbols] [--add-jar ADD_JAR]
                    [--add-aar ADD_AAR] [--depend DEPENDS] [--sdk SDK_VERSION]
                    [--minsdk MIN_SDK_VERSION]
                    [--allow-minsdk-ndkapi-mismatch]
                    [--intent-filters INTENT_FILTERS]
                    [--res_xml RES_XMLS [RES_XMLS ...]]
                    [--with-billing BILLING_PUBKEY]
                    [--add-source EXTRA_SOURCE_DIRS]
                    [--try-system-python-compile] [--sign]
                    [--add-activity ADD_ACTIVITY]
                    [--activity-launch-mode ACTIVITY_LAUNCH_MODE]
                    [--allow-backup ALLOW_BACKUP]
                    [--backup-rules BACKUP_RULES] [--no-byte-compile-python]
                    [--no-optimize-python]
                    [--extra-manifest-xml EXTRA_MANIFEST_XML]
                    [--extra-manifest-application-arguments EXTRA_MANIFEST_APPLICATION_ARGUMENTS]
                    [--manifest-placeholders MANIFEST_PLACEHOLDERS]
                    [--service-class-name SERVICE_CLASS_NAME]
                    [--activity-class-name ACTIVITY_CLASS_NAME]
toolchain.py: error: unrecognized arguments: --port=8000
# Command failed: ['/usr/bin/python3.11', '-m', 'pythonforandroid.toolchain', 'apk', '--bootstrap', 'sdl2', '--dist_name', 'gematria', '--name', 'Gematria', '--version', '1.0', '--package', 'org.gematria.gematria', '--minsdk', '21', '--ndk-api', '21', '--private', '/mnt/c/Souza/Python/Gematria/.buildozer/android/app', '--permission', 'WRITE_EXTERNAL_STORAGE', '--permission', 'READ_EXTERNAL_STORAGE', '--android-entrypoint', 'org.kivy.android.PythonActivity', '--android-apptheme', '@android:style/Theme.NoTitleBar', '--presplash-lottie', '/mnt/c/Souza/Python/Gematria/./gematria_app/presplash.json', '--icon', '/mnt/c/Souza/Python/Gematria/./icon.png', '--orientation', 'portrait', '--enable-androidx', '--presplash-color', '#FAFAFA', '--copy-libs', '--add-source', '/mnt/c/Souza/Python/Gematria/True', '--arch', 'arm64-v8a', '--color=always', '--storage-dir=/mnt/c/Souza/Python/Gematria/.buildozer/android/platform/build-arm64-v8a', '--ndk-api=21', '--port=8000', '--ignore-setup-py', '--debug']
# ENVIRONMENT:
#     SHELL = '/bin/bash'
#     WSL2_GUI_APPS_ENABLED = '1'
#     WSL_DISTRO_NAME = 'Ubuntu'
#     NAME = 'Souza'
#     PWD = '/mnt/c/Souza/Python/Gematria'
#     LOGNAME = 'jcsouza2000'
#     HOME = '/home/jcsouza2000'
#     LANG = 'C.UTF-8'
#     WSL_INTEROP = '/run/WSL/62667_interop'
#     LS_COLORS = 'rs=0:di=01;34:ln=01;36:mh=00:pi=40;33:so=01;35:do=01;35:bd=40;33;01:cd=40;33;01:or=40;31;01:mi=00:su=37;41:sg=30;43:ca=00:tw=30;42:ow=34;42:st=37;44:ex=01;32:*.tar=01;31:*.tgz=01;31:*.arc=01;31:*.arj=01;31:*.taz=01;31:*.lha=01;31:*.lz4=01;31:*.lzh=01;31:*.lzma=01;31:*.tlz=01;31:*.txz=01;31:*.tzo=01;31:*.t7z=01;31:*.zip=01;31:*.z=01;31:*.dz=01;31:*.gz=01;31:*.lrz=01;31:*.lz=01;31:*.lzo=01;31:*.xz=01;31:*.zst=01;31:*.tzst=01;31:*.bz2=01;31:*.bz=01;31:*.tbz=01;31:*.tbz2=01;31:*.tz=01;31:*.deb=01;31:*.rpm=01;31:*.jar=01;31:*.war=01;31:*.ear=01;31:*.sar=01;31:*.rar=01;31:*.alz=01;31:*.ace=01;31:*.zoo=01;31:*.cpio=01;31:*.7z=01;31:*.rz=01;31:*.cab=01;31:*.wim=01;31:*.swm=01;31:*.dwm=01;31:*.esd=01;31:*.avif=01;35:*.jpg=01;35:*.jpeg=01;35:*.mjpg=01;35:*.mjpeg=01;35:*.gif=01;35:*.bmp=01;35:*.pbm=01;35:*.pgm=01;35:*.ppm=01;35:*.tga=01;35:*.xbm=01;35:*.xpm=01;35:*.tif=01;35:*.tiff=01;35:*.png=01;35:*.svg=01;35:*.svgz=01;35:*.mng=01;35:*.pcx=01;35:*.mov=01;35:*.mpg=01;35:*.mpeg=01;35:*.m2v=01;35:*.mkv=01;35:*.webm=01;35:*.webp=01;35:*.ogm=01;35:*.mp4=01;35:*.m4v=01;35:*.mp4v=01;35:*.vob=01;35:*.qt=01;35:*.nuv=01;35:*.wmv=01;35:*.asf=01;35:*.rm=01;35:*.rmvb=01;35:*.flc=01;35:*.avi=01;35:*.fli=01;35:*.flv=01;35:*.gl=01;35:*.dl=01;35:*.xcf=01;35:*.xwd=01;35:*.yuv=01;35:*.cgm=01;35:*.emf=01;35:*.ogv=01;35:*.ogx=01;35:*.aac=00;36:*.au=00;36:*.flac=00;36:*.m4a=00;36:*.mid=00;36:*.midi=00;36:*.mka=00;36:*.mp3=00;36:*.mpc=00;36:*.ogg=00;36:*.ra=00;36:*.wav=00;36:*.oga=00;36:*.opus=00;36:*.spx=00;36:*.xspf=00;36:*~=00;90:*#=00;90:*.bak=00;90:*.crdownload=00;90:*.dpkg-dist=00;90:*.dpkg-new=00;90:*.dpkg-old=00;90:*.dpkg-tmp=00;90:*.old=00;90:*.orig=00;90:*.part=00;90:*.rej=00;90:*.rpmnew=00;90:*.rpmorig=00;90:*.rpmsave=00;90:*.swp=00;90:*.tmp=00;90:*.ucf-dist=00;90:*.ucf-new=00;90:*.ucf-old=00;90:'
#     WAYLAND_DISPLAY = 'wayland-0'
#     LESSCLOSE = '/usr/bin/lesspipe %s %s'
#     TERM = 'xterm-256color'
#     LESSOPEN = '| /usr/bin/lesspipe %s'
#     USER = 'jcsouza2000'
#     DISPLAY = ':0'
#     SHLVL = '1'
#     XDG_RUNTIME_DIR = '/run/user/1000/'
#     WSLENV = ''
#     XDG_DATA_DIRS = '/usr/local/share:/usr/share:/var/lib/snapd/desktop'
#     PATH = ('/home/jcsouza2000/.buildozer/android/platform/apache-ant-1.9.4/bin:/home/jcsouza2000/.local/bin:/usr/local/sbin:/usr/local/bin:/usr/sbin:/usr/bin:/sbin:/bin:/usr/games:/usr/local/games:/usr/lib/wsl/lib:/mnt/c/Program '
 'Files/Common '
 'Files/Oracle/Java/javapath:/mnt/c/Users/Administrator/AppData/Local/Programs/cursor/resources/app/bin:/mnt/c/WINDOWS/system32:/mnt/c/WINDOWS:/mnt/c/WINDOWS/System32/Wbem:/mnt/c/WINDOWS/System32/WindowsPowerShell/v1.0/:/mnt/c/WINDOWS/System32/OpenSSH/:/mnt/c/Users/Administrator/AppData/Local/Programs/Python/Launcher/:/mnt/c/Users/Administrator/AppData/Local/Microsoft/WindowsApps:/mnt/c/Users/Administrator/AppData/Local/Programs/cursor/resources/app/bin:/mnt/c/Program '
 'Files/dotnet/:/mnt/c/Program Files/Git/cmd:/mnt/c/Program Files '
 '(x86)/Windows Kits/10/Windows Performance Toolkit/:/mnt/c/Program '
 'Files/Java/jdk-11/bin:/mnt/c/Users/Administrator/Android/android-sdk/cmdline-tools/latest/bin:/mnt/c/Program '
 'Files/Java/jdk-17/bin:/mnt/c/Users/Administrator/Java/jdk-17/bin:/mnt/c/Users/Administrator/Java/jdk-11/bin:/mnt/c/flutter/bin:/mnt/c/Users/Administrator/AppData/Local/Programs/Python/Launcher/:/mnt/c/Users/Administrator/AppData/Local/Microsoft/WindowsApps:/mnt/c/Users/Administrator/AppData/Local/Programs/Microsoft '
 'VS '
 'Code/bin:/mnt/c/Users/Administrator/AppData/Local/Programs/Windsurf/bin:/mnt/c/Users/Administrator/AppData/Roaming/Amazon:/mnt/c/Souza/Python/Flutter/flutter/bin:/mnt/c/Users/Administrator/.dotnet/tools:/mnt/c/Program '
 'Files/Java/jdk-11/bin:/mnt/c/Users/Administrator/Android/android-sdk/cmdline-tools/latest/bin:/mnt/c/Program '
 'Files/Java/jdk-17/bin:/mnt/c/Users/Administrator/Java/jdk-17/bin:/mnt/c/Users/Administrator/Java/jdk-11/bin:/mnt/c/flutter/bin:/mnt/c/Users/Administrator/AppData/Local/Programs/cursor/resources/app/bin:/mnt/c/Users/Administrator/AppData/Local/Muse '
 'Hub/lib:/snap/bin:/home/jcsouza2000/.local/bin')
#     DBUS_SESSION_BUS_ADDRESS = 'unix:path=/run/user/1000/bus'
#     HOSTTYPE = 'x86_64'
#     PULSE_SERVER = 'unix:/mnt/wslg/PulseServer'
#     _ = '/home/jcsouza2000/.local/bin/buildozer'
#     PACKAGES_PATH = '/home/jcsouza2000/.buildozer/android/packages'
#     ANDROIDSDK = '/home/jcsouza2000/.buildozer/android/platform/android-sdk'
#     ANDROIDNDK = '/home/jcsouza2000/.buildozer/android/platform/android-ndk-r25c'
#     ANDROIDAPI = '29'
#     ANDROIDMINAPI = '21'
# 
# Buildozer failed to execute the last command
# The error might be hidden in the log above this error
# Please read the full log, and search for it before
# raising an issue with buildozer itself.
# In case of a bug report, please add a full log with log_level = 2
